[0.365s] Invoking command in '/ros2_ws/src/sjtu_drone/build/sjtu_drone_description': CMAKE_PREFIX_PATH=/opt/ros/humble /usr/bin/cmake /ros2_ws/src/sjtu_drone/sjtu_drone_description -DAMENT_CMAKE_SYMLINK_INSTALL=1 -DCMAKE_INSTALL_PREFIX=/ros2_ws/src/sjtu_drone/install/sjtu_drone_description
[0.389s] [31mCMake Error at CMakeLists.txt:15 (find_package):
[0.389s]   By not providing "Findsdformat14.cmake" in CMAKE_MODULE_PATH this project
[0.389s]   has asked CMake to find a package configuration file provided by
[0.389s]   "sdformat14", but CMake did not find one.
[0.389s] 
[0.389s]   Could not find a package configuration file provided by "sdformat14" with
[0.389s]   any of the following names:
[0.389s] 
[0.390s]     sdformat14Config.cmake
[0.390s]     sdformat14-config.cmake
[0.390s] 
[0.390s]   Add the installation prefix of "sdformat14" to CMAKE_PREFIX_PATH or set
[0.390s]   "sdformat14_DIR" to a directory containing one of the above files.  If
[0.390s]   "sdformat14" provides a separate development package or SDK, be sure it has
[0.390s]   been installed.
[0.390s] 
[0.390s] [0m
[0.390s] -- Configuring incomplete, errors occurred!
[0.390s] See also "/ros2_ws/src/sjtu_drone/build/sjtu_drone_description/CMakeFiles/CMakeOutput.log".
[0.392s] Invoked command in '/ros2_ws/src/sjtu_drone/build/sjtu_drone_description' returned '1': CMAKE_PREFIX_PATH=/opt/ros/humble /usr/bin/cmake /ros2_ws/src/sjtu_drone/sjtu_drone_description -DAMENT_CMAKE_SYMLINK_INSTALL=1 -DCMAKE_INSTALL_PREFIX=/ros2_ws/src/sjtu_drone/install/sjtu_drone_description
