[0.733s] Invoking command in '/ros2_ws/src/sjtu_drone/sjtu_drone_bringup': PYTHONPATH=/ros2_ws/src/sjtu_drone/build/sjtu_drone_bringup/prefix_override:/ros2_ws/src/sjtu_drone/install/sjtu_drone_bringup/lib/python3.10/site-packages:${PYTHONPATH} /usr/bin/python3 setup.py egg_info --egg-base ../build/sjtu_drone_bringup build --build-base /ros2_ws/src/sjtu_drone/build/sjtu_drone_bringup/build install --record /ros2_ws/src/sjtu_drone/build/sjtu_drone_bringup/install.log --single-version-externally-managed
[0.866s] running egg_info
[0.866s] writing ../build/sjtu_drone_bringup/sjtu_drone_bringup.egg-info/PKG-INFO
[0.867s] writing dependency_links to ../build/sjtu_drone_bringup/sjtu_drone_bringup.egg-info/dependency_links.txt
[0.867s] writing entry points to ../build/sjtu_drone_bringup/sjtu_drone_bringup.egg-info/entry_points.txt
[0.867s] writing requirements to ../build/sjtu_drone_bringup/sjtu_drone_bringup.egg-info/requires.txt
[0.867s] writing top-level names to ../build/sjtu_drone_bringup/sjtu_drone_bringup.egg-info/top_level.txt
[0.868s] reading manifest file '../build/sjtu_drone_bringup/sjtu_drone_bringup.egg-info/SOURCES.txt'
[0.868s] writing manifest file '../build/sjtu_drone_bringup/sjtu_drone_bringup.egg-info/SOURCES.txt'
[0.868s] running build
[0.868s] running build_py
[0.869s] running install
[0.869s] /usr/lib/python3/dist-packages/setuptools/command/install.py:34: SetuptoolsDeprecationWarning: setup.py install is deprecated. Use build and pip and other standards-based tools.
[0.869s]   warnings.warn(
[0.869s] running install_lib
[0.870s] running install_data
[0.870s] running install_egg_info
[0.871s] removing '/ros2_ws/src/sjtu_drone/install/sjtu_drone_bringup/lib/python3.10/site-packages/sjtu_drone_bringup-0.0.0-py3.10.egg-info' (and everything under it)
[0.871s] Copying ../build/sjtu_drone_bringup/sjtu_drone_bringup.egg-info to /ros2_ws/src/sjtu_drone/install/sjtu_drone_bringup/lib/python3.10/site-packages/sjtu_drone_bringup-0.0.0-py3.10.egg-info
[0.872s] running install_scripts
[0.887s] Installing spawn_drone script to /ros2_ws/src/sjtu_drone/install/sjtu_drone_bringup/lib/sjtu_drone_bringup
[0.887s] writing list of installed files to '/ros2_ws/src/sjtu_drone/build/sjtu_drone_bringup/install.log'
[0.943s] Invoked command in '/ros2_ws/src/sjtu_drone/sjtu_drone_bringup' returned '0': PYTHONPATH=/ros2_ws/src/sjtu_drone/build/sjtu_drone_bringup/prefix_override:/ros2_ws/src/sjtu_drone/install/sjtu_drone_bringup/lib/python3.10/site-packages:${PYTHONPATH} /usr/bin/python3 setup.py egg_info --egg-base ../build/sjtu_drone_bringup build --build-base /ros2_ws/src/sjtu_drone/build/sjtu_drone_bringup/build install --record /ros2_ws/src/sjtu_drone/build/sjtu_drone_bringup/install.log --single-version-externally-managed
