[0.396s] Invoking command in '/ros2_ws/src/sjtu_drone/build/sjtu_drone_description': CMAKE_PREFIX_PATH=${CMAKE_PREFIX_PATH}:/ros2_ws/src/sjtu_drone/install/sjtu_drone_control:/ros2_ws/src/sjtu_drone/install/sjtu_drone_bringup:/ros2_ws/install/sjtu_drone_control:/ros2_ws/install/sjtu_drone_bringup:/opt/ros/humble /usr/bin/cmake --build /ros2_ws/src/sjtu_drone/build/sjtu_drone_description -- -j16 -l16
[0.531s] [100%] Built target plugin_drone
[0.543s] Invoked command in '/ros2_ws/src/sjtu_drone/build/sjtu_drone_description' returned '0': CMAKE_PREFIX_PATH=${CMAKE_PREFIX_PATH}:/ros2_ws/src/sjtu_drone/install/sjtu_drone_control:/ros2_ws/src/sjtu_drone/install/sjtu_drone_bringup:/ros2_ws/install/sjtu_drone_control:/ros2_ws/install/sjtu_drone_bringup:/opt/ros/humble /usr/bin/cmake --build /ros2_ws/src/sjtu_drone/build/sjtu_drone_description -- -j16 -l16
[0.582s] Invoking command in '/ros2_ws/src/sjtu_drone/build/sjtu_drone_description': CMAKE_PREFIX_PATH=${CMAKE_PREFIX_PATH}:/ros2_ws/src/sjtu_drone/install/sjtu_drone_control:/ros2_ws/src/sjtu_drone/install/sjtu_drone_bringup:/ros2_ws/install/sjtu_drone_control:/ros2_ws/install/sjtu_drone_bringup:/opt/ros/humble /usr/bin/cmake --install /ros2_ws/src/sjtu_drone/build/sjtu_drone_description
[0.588s] -- Install configuration: ""
[0.589s] -- Execute custom install script
[0.589s] -- Up-to-date symlink: /ros2_ws/src/sjtu_drone/install/sjtu_drone_description/include/sjtu_drone_description/pid_controller.h
[0.589s] -- Up-to-date symlink: /ros2_ws/src/sjtu_drone/install/sjtu_drone_description/include/sjtu_drone_description/plugin_drone.h
[0.589s] -- Up-to-date symlink: /ros2_ws/src/sjtu_drone/install/sjtu_drone_description/include/sjtu_drone_description/plugin_drone_private.h
[0.589s] -- Up-to-date symlink: /ros2_ws/src/sjtu_drone/install/sjtu_drone_description/share/sjtu_drone_description/environment/library_path.sh
[0.590s] -- Up-to-date symlink: /ros2_ws/src/sjtu_drone/install/sjtu_drone_description/share/sjtu_drone_description/environment/library_path.dsv
[0.590s] -- Up-to-date symlink: /ros2_ws/src/sjtu_drone/install/sjtu_drone_description/share/sjtu_drone_description/models/database.config
[0.590s] -- Up-to-date symlink: /ros2_ws/src/sjtu_drone/install/sjtu_drone_description/share/sjtu_drone_description/models/sjtu_drone/model.config
[0.590s] -- Up-to-date symlink: /ros2_ws/src/sjtu_drone/install/sjtu_drone_description/share/sjtu_drone_description/models/sjtu_drone/quadrotor_4.dae
[0.590s] -- Up-to-date symlink: /ros2_ws/src/sjtu_drone/install/sjtu_drone_description/share/sjtu_drone_description/models/sjtu_drone/quadrotor_4.stl
[0.590s] -- Up-to-date symlink: /ros2_ws/src/sjtu_drone/install/sjtu_drone_description/share/sjtu_drone_description/models/sjtu_drone/sjtu_drone.sdf
[0.590s] -- Up-to-date symlink: /ros2_ws/src/sjtu_drone/install/sjtu_drone_description/share/sjtu_drone_description/urdf/sjtu_drone.urdf
[0.590s] -- Up-to-date symlink: /ros2_ws/src/sjtu_drone/install/sjtu_drone_description/share/sjtu_drone_description/urdf/sjtu_drone.urdf.xacro
[0.591s] -- Up-to-date symlink: /ros2_ws/src/sjtu_drone/install/sjtu_drone_description/share/sjtu_drone_description/worlds/playground.world
[0.591s] -- Up-to-date symlink: /ros2_ws/src/sjtu_drone/install/sjtu_drone_description/share/ament_index/resource_index/package_run_dependencies/sjtu_drone_description
[0.591s] -- Up-to-date symlink: /ros2_ws/src/sjtu_drone/install/sjtu_drone_description/share/ament_index/resource_index/parent_prefix_path/sjtu_drone_description
[0.591s] -- Up-to-date symlink: /ros2_ws/src/sjtu_drone/install/sjtu_drone_description/share/sjtu_drone_description/environment/ament_prefix_path.sh
[0.591s] -- Up-to-date symlink: /ros2_ws/src/sjtu_drone/install/sjtu_drone_description/share/sjtu_drone_description/environment/ament_prefix_path.dsv
[0.591s] -- Up-to-date symlink: /ros2_ws/src/sjtu_drone/install/sjtu_drone_description/share/sjtu_drone_description/environment/path.sh
[0.591s] -- Up-to-date symlink: /ros2_ws/src/sjtu_drone/install/sjtu_drone_description/share/sjtu_drone_description/environment/path.dsv
[0.591s] -- Up-to-date symlink: /ros2_ws/src/sjtu_drone/install/sjtu_drone_description/share/sjtu_drone_description/local_setup.bash
[0.592s] -- Up-to-date symlink: /ros2_ws/src/sjtu_drone/install/sjtu_drone_description/share/sjtu_drone_description/local_setup.sh
[0.592s] -- Up-to-date symlink: /ros2_ws/src/sjtu_drone/install/sjtu_drone_description/share/sjtu_drone_description/local_setup.zsh
[0.592s] -- Up-to-date symlink: /ros2_ws/src/sjtu_drone/install/sjtu_drone_description/share/sjtu_drone_description/local_setup.dsv
[0.592s] -- Symlinking: /ros2_ws/src/sjtu_drone/install/sjtu_drone_description/share/sjtu_drone_description/package.dsv
[0.602s] -- Up-to-date symlink: /ros2_ws/src/sjtu_drone/install/sjtu_drone_description/share/ament_index/resource_index/packages/sjtu_drone_description
[0.602s] -- Up-to-date symlink: /ros2_ws/src/sjtu_drone/install/sjtu_drone_description/share/sjtu_drone_description/cmake/ament_cmake_export_include_directories-extras.cmake
[0.602s] -- Up-to-date symlink: /ros2_ws/src/sjtu_drone/install/sjtu_drone_description/share/sjtu_drone_description/cmake/ament_cmake_export_libraries-extras.cmake
[0.602s] -- Up-to-date symlink: /ros2_ws/src/sjtu_drone/install/sjtu_drone_description/share/sjtu_drone_description/cmake/ament_cmake_export_targets-extras.cmake
[0.603s] -- Up-to-date symlink: /ros2_ws/src/sjtu_drone/install/sjtu_drone_description/share/sjtu_drone_description/cmake/sjtu_drone_descriptionConfig.cmake
[0.603s] -- Up-to-date symlink: /ros2_ws/src/sjtu_drone/install/sjtu_drone_description/share/sjtu_drone_description/cmake/sjtu_drone_descriptionConfig-version.cmake
[0.603s] -- Up-to-date symlink: /ros2_ws/src/sjtu_drone/install/sjtu_drone_description/share/sjtu_drone_description/package.xml
[0.603s] -- Installing: /ros2_ws/src/sjtu_drone/install/sjtu_drone_description/lib/libplugin_drone.so
[0.609s] -- Set runtime path of "/ros2_ws/src/sjtu_drone/install/sjtu_drone_description/lib/libplugin_drone.so" to ""
[0.609s] -- Up-to-date: /ros2_ws/src/sjtu_drone/install/sjtu_drone_description/share/sjtu_drone_description/cmake/export_sjtu_drone_descriptionExport.cmake
[0.609s] -- Up-to-date: /ros2_ws/src/sjtu_drone/install/sjtu_drone_description/share/sjtu_drone_description/cmake/export_sjtu_drone_descriptionExport-noconfig.cmake
[0.611s] Invoked command in '/ros2_ws/src/sjtu_drone/build/sjtu_drone_description' returned '0': CMAKE_PREFIX_PATH=${CMAKE_PREFIX_PATH}:/ros2_ws/src/sjtu_drone/install/sjtu_drone_control:/ros2_ws/src/sjtu_drone/install/sjtu_drone_bringup:/ros2_ws/install/sjtu_drone_control:/ros2_ws/install/sjtu_drone_bringup:/opt/ros/humble /usr/bin/cmake --install /ros2_ws/src/sjtu_drone/build/sjtu_drone_description
