[0.690s] Invoking command in '/ros2_ws/src/sjtu_drone/sjtu_drone_control': PYTHONPATH=/ros2_ws/src/sjtu_drone/build/sjtu_drone_control/prefix_override:/ros2_ws/src/sjtu_drone/install/sjtu_drone_control/lib/python3.10/site-packages:${PYTHONPATH} /usr/bin/python3 setup.py egg_info --egg-base ../build/sjtu_drone_control build --build-base /ros2_ws/src/sjtu_drone/build/sjtu_drone_control/build install --record /ros2_ws/src/sjtu_drone/build/sjtu_drone_control/install.log --single-version-externally-managed
[0.823s] running egg_info
[0.823s] writing ../build/sjtu_drone_control/sjtu_drone_control.egg-info/PKG-INFO
[0.824s] writing dependency_links to ../build/sjtu_drone_control/sjtu_drone_control.egg-info/dependency_links.txt
[0.824s] writing entry points to ../build/sjtu_drone_control/sjtu_drone_control.egg-info/entry_points.txt
[0.824s] writing requirements to ../build/sjtu_drone_control/sjtu_drone_control.egg-info/requires.txt
[0.824s] writing top-level names to ../build/sjtu_drone_control/sjtu_drone_control.egg-info/top_level.txt
[0.825s] reading manifest file '../build/sjtu_drone_control/sjtu_drone_control.egg-info/SOURCES.txt'
[0.826s] writing manifest file '../build/sjtu_drone_control/sjtu_drone_control.egg-info/SOURCES.txt'
[0.826s] running build
[0.826s] running build_py
[0.826s] running install
[0.826s] /usr/lib/python3/dist-packages/setuptools/command/install.py:34: SetuptoolsDeprecationWarning: setup.py install is deprecated. Use build and pip and other standards-based tools.
[0.826s]   warnings.warn(
[0.826s] running install_lib
[0.827s] running install_data
[0.827s] running install_egg_info
[0.829s] removing '/ros2_ws/src/sjtu_drone/install/sjtu_drone_control/lib/python3.10/site-packages/sjtu_drone_control-0.0.0-py3.10.egg-info' (and everything under it)
[0.829s] Copying ../build/sjtu_drone_control/sjtu_drone_control.egg-info to /ros2_ws/src/sjtu_drone/install/sjtu_drone_control/lib/python3.10/site-packages/sjtu_drone_control-0.0.0-py3.10.egg-info
[0.830s] running install_scripts
[0.845s] Installing drone_position_control script to /ros2_ws/src/sjtu_drone/install/sjtu_drone_control/lib/sjtu_drone_control
[0.845s] Installing open_loop_control script to /ros2_ws/src/sjtu_drone/install/sjtu_drone_control/lib/sjtu_drone_control
[0.845s] Installing teleop script to /ros2_ws/src/sjtu_drone/install/sjtu_drone_control/lib/sjtu_drone_control
[0.845s] Installing teleop_joystick script to /ros2_ws/src/sjtu_drone/install/sjtu_drone_control/lib/sjtu_drone_control
[0.845s] writing list of installed files to '/ros2_ws/src/sjtu_drone/build/sjtu_drone_control/install.log'
[0.873s] Invoked command in '/ros2_ws/src/sjtu_drone/sjtu_drone_control' returned '0': PYTHONPATH=/ros2_ws/src/sjtu_drone/build/sjtu_drone_control/prefix_override:/ros2_ws/src/sjtu_drone/install/sjtu_drone_control/lib/python3.10/site-packages:${PYTHONPATH} /usr/bin/python3 setup.py egg_info --egg-base ../build/sjtu_drone_control build --build-base /ros2_ws/src/sjtu_drone/build/sjtu_drone_control/build install --record /ros2_ws/src/sjtu_drone/build/sjtu_drone_control/install.log --single-version-externally-managed
